I'm sorry, but errors were detected in your script. Please correct the
errors listed below, and try again.


File "game/script.rpy", line 63: Line is indented, but the preceding say statement statement does not expect a block. Please check this line's indentation. You may have forgotten a colon (:).
    "Obey Earl":
    ^

Ren'Py Version: Ren'Py 8.2.3.24061702
Mon Dec 23 14:37:02 2024
